Archive member included to satisfy reference by file (symbol)

f:/at32ide/platform/tools/gcc-arm-none-eabi-10.3-2021.10/bin/../lib/gcc/arm-none-eabi/10.3.1/../../../../arm-none-eabi/lib/thumb/v7e-m+fp/hard\libg_nano.a(lib_a-exit.o)
                              f:/at32ide/platform/tools/gcc-arm-none-eabi-10.3-2021.10/bin/../lib/gcc/arm-none-eabi/10.3.1/../../../../arm-none-eabi/lib/thumb/v7e-m+fp/hard/crt0.o (exit)
f:/at32ide/platform/tools/gcc-arm-none-eabi-10.3-2021.10/bin/../lib/gcc/arm-none-eabi/10.3.1/../../../../arm-none-eabi/lib/thumb/v7e-m+fp/hard\libg_nano.a(lib_a-impure.o)
                              f:/at32ide/platform/tools/gcc-arm-none-eabi-10.3-2021.10/bin/../lib/gcc/arm-none-eabi/10.3.1/../../../../arm-none-eabi/lib/thumb/v7e-m+fp/hard\libg_nano.a(lib_a-exit.o) (_global_impure_ptr)
f:/at32ide/platform/tools/gcc-arm-none-eabi-10.3-2021.10/bin/../lib/gcc/arm-none-eabi/10.3.1/../../../../arm-none-eabi/lib/thumb/v7e-m+fp/hard\libg_nano.a(lib_a-init.o)
                              f:/at32ide/platform/tools/gcc-arm-none-eabi-10.3-2021.10/bin/../lib/gcc/arm-none-eabi/10.3.1/../../../../arm-none-eabi/lib/thumb/v7e-m+fp/hard/crt0.o (__libc_init_array)
f:/at32ide/platform/tools/gcc-arm-none-eabi-10.3-2021.10/bin/../lib/gcc/arm-none-eabi/10.3.1/../../../../arm-none-eabi/lib/thumb/v7e-m+fp/hard\libg_nano.a(lib_a-memcpy-stub.o)
                              ./cdc/cdc_class.o (memcpy)
f:/at32ide/platform/tools/gcc-arm-none-eabi-10.3-2021.10/bin/../lib/gcc/arm-none-eabi/10.3.1/../../../../arm-none-eabi/lib/thumb/v7e-m+fp/hard\libg_nano.a(lib_a-memset.o)
                              f:/at32ide/platform/tools/gcc-arm-none-eabi-10.3-2021.10/bin/../lib/gcc/arm-none-eabi/10.3.1/../../../../arm-none-eabi/lib/thumb/v7e-m+fp/hard/crt0.o (memset)
f:/at32ide/platform/tools/gcc-arm-none-eabi-10.3-2021.10/bin/../lib/gcc/arm-none-eabi/10.3.1/../../../../arm-none-eabi/lib/thumb/v7e-m+fp/hard\libg_nano.a(lib_a-strlen.o)
                              ./user/main.o (strlen)
f:/at32ide/platform/tools/gcc-arm-none-eabi-10.3-2021.10/bin/../lib/gcc/arm-none-eabi/10.3.1/../../../../arm-none-eabi/lib/thumb/v7e-m+fp/hard\libg_nano.a(lib_a-utoa.o)
                              ./user/main.o (utoa)
f:/at32ide/platform/tools/gcc-arm-none-eabi-10.3-2021.10/bin/../lib/gcc/arm-none-eabi/10.3.1/../../../../arm-none-eabi/lib/thumb/v7e-m+fp/hard\libnosys.a(_exit.o)
                              f:/at32ide/platform/tools/gcc-arm-none-eabi-10.3-2021.10/bin/../lib/gcc/arm-none-eabi/10.3.1/../../../../arm-none-eabi/lib/thumb/v7e-m+fp/hard\libg_nano.a(lib_a-exit.o) (_exit)

Discarded input sections

 .text          0x00000000        0x0 f:/at32ide/platform/tools/gcc-arm-none-eabi-10.3-2021.10/bin/../lib/gcc/arm-none-eabi/10.3.1/thumb/v7e-m+fp/hard/crtfastmath.o
 .data          0x00000000        0x0 f:/at32ide/platform/tools/gcc-arm-none-eabi-10.3-2021.10/bin/../lib/gcc/arm-none-eabi/10.3.1/thumb/v7e-m+fp/hard/crtfastmath.o
 .bss           0x00000000        0x0 f:/at32ide/platform/tools/gcc-arm-none-eabi-10.3-2021.10/bin/../lib/gcc/arm-none-eabi/10.3.1/thumb/v7e-m+fp/hard/crtfastmath.o
 .text          0x00000000        0x0 f:/at32ide/platform/tools/gcc-arm-none-eabi-10.3-2021.10/bin/../lib/gcc/arm-none-eabi/10.3.1/thumb/v7e-m+fp/hard/crti.o
 .data          0x00000000        0x0 f:/at32ide/platform/tools/gcc-arm-none-eabi-10.3-2021.10/bin/../lib/gcc/arm-none-eabi/10.3.1/thumb/v7e-m+fp/hard/crti.o
 .bss           0x00000000        0x0 f:/at32ide/platform/tools/gcc-arm-none-eabi-10.3-2021.10/bin/../lib/gcc/arm-none-eabi/10.3.1/thumb/v7e-m+fp/hard/crti.o
 .data          0x00000000        0x4 f:/at32ide/platform/tools/gcc-arm-none-eabi-10.3-2021.10/bin/../lib/gcc/arm-none-eabi/10.3.1/thumb/v7e-m+fp/hard/crtbegin.o
 .rodata        0x00000000       0x24 f:/at32ide/platform/tools/gcc-arm-none-eabi-10.3-2021.10/bin/../lib/gcc/arm-none-eabi/10.3.1/thumb/v7e-m+fp/hard/crtbegin.o
 .text          0x00000000       0x7c f:/at32ide/platform/tools/gcc-arm-none-eabi-10.3-2021.10/bin/../lib/gcc/arm-none-eabi/10.3.1/../../../../arm-none-eabi/lib/thumb/v7e-m+fp/hard/crt0.o
 .data          0x00000000        0x0 f:/at32ide/platform/tools/gcc-arm-none-eabi-10.3-2021.10/bin/../lib/gcc/arm-none-eabi/10.3.1/../../../../arm-none-eabi/lib/thumb/v7e-m+fp/hard/crt0.o
 .bss           0x00000000        0x0 f:/at32ide/platform/tools/gcc-arm-none-eabi-10.3-2021.10/bin/../lib/gcc/arm-none-eabi/10.3.1/../../../../arm-none-eabi/lib/thumb/v7e-m+fp/hard/crt0.o
 .ARM.extab     0x00000000        0x0 f:/at32ide/platform/tools/gcc-arm-none-eabi-10.3-2021.10/bin/../lib/gcc/arm-none-eabi/10.3.1/../../../../arm-none-eabi/lib/thumb/v7e-m+fp/hard/crt0.o
 .ARM.exidx     0x00000000       0x10 f:/at32ide/platform/tools/gcc-arm-none-eabi-10.3-2021.10/bin/../lib/gcc/arm-none-eabi/10.3.1/../../../../arm-none-eabi/lib/thumb/v7e-m+fp/hard/crt0.o
 .ARM.attributes
[...]
Memory Configuration

Name             Origin             Length             Attributes
FLASH            0x08000000         0x000fa000         xr
RAM              0x20000000         0x00018000         xrw
*default*        0x00000000         0xffffffff

Linker script and memory map

LOAD f:/at32ide/platform/tools/gcc-arm-none-eabi-10.3-2021.10/bin/../lib/gcc/arm-none-eabi/10.3.1/thumb/v7e-m+fp/hard/crtfastmath.o
LOAD f:/at32ide/platform/tools/gcc-arm-none-eabi-10.3-2021.10/bin/../lib/gcc/arm-none-eabi/10.3.1/thumb/v7e-m+fp/hard/crti.o
LOAD f:/at32ide/platform/tools/gcc-arm-none-eabi-10.3-2021.10/bin/../lib/gcc/arm-none-eabi/10.3.1/thumb/v7e-m+fp/hard/crtbegin.o
LOAD f:/at32ide/platform/tools/gcc-arm-none-eabi-10.3-2021.10/bin/../lib/gcc/arm-none-eabi/10.3.1/../../../../arm-none-eabi/lib/thumb/v7e-m+fp/hard/crt0.o
LOAD ./user/at32f403a_407_clock.o
LOAD ./user/at32f403a_407_int.o
LOAD ./user/main.o
LOAD ./usbd_drivers/usbd_core.o
LOAD ./usbd_drivers/usbd_int.o
LOAD ./usbd_drivers/usbd_sdr.o
LOAD ./firmware/at32f403a_407_acc.o
LOAD ./firmware/at32f403a_407_adc.o
LOAD ./firmware/at32f403a_407_bpr.o
LOAD ./firmware/at32f403a_407_can.o
LOAD ./firmware/at32f403a_407_crc.o
LOAD ./firmware/at32f403a_407_crm.o
LOAD ./firmware/at32f403a_407_dac.o
LOAD ./firmware/at32f403a_407_debug.o
LOAD ./firmware/at32f403a_407_dma.o
LOAD ./firmware/at32f403a_407_emac.o
LOAD ./firmware/at32f403a_407_exint.o
LOAD ./firmware/at32f403a_407_flash.o
LOAD ./firmware/at32f403a_407_gpio.o
LOAD ./firmware/at32f403a_407_i2c.o
LOAD ./firmware/at32f403a_407_misc.o
LOAD ./firmware/at32f403a_407_pwc.o
LOAD ./firmware/at32f403a_407_rtc.o
LOAD ./firmware/at32f403a_407_sdio.o
LOAD ./firmware/at32f403a_407_spi.o
LOAD ./firmware/at32f403a_407_tmr.o
LOAD ./firmware/at32f403a_407_usart.o
LOAD ./firmware/at32f403a_407_usb.o
LOAD ./firmware/at32f403a_407_wdt.o
LOAD ./firmware/at32f403a_407_wwdt.o
LOAD ./firmware/at32f403a_407_xmc.o
LOAD ./cmsis/startup_at32f403a_407.o
LOAD ./cmsis/system_at32f403a_407.o
LOAD ./cdc/cdc_class.o
LOAD ./cdc/cdc_desc.o
LOAD ./bsp/at32f403a_407_board.o
LOAD ./JPEG/jpeg_chan.o
LOAD ./JPEG/tjpgd.o
LOAD ./Display/display.o
LOAD ./Display/display_asm.o
LOAD ./Display/display_offsets.o
LOAD ./Display/fonts.o
LOAD ./Display/ili9341.o
LOAD ./Display/st7789.o
START GROUP
LOAD f:/at32ide/platform/tools/gcc-arm-none-eabi-10.3-2021.10/bin/../lib/gcc/arm-none-eabi/10.3.1/thumb/v7e-m+fp/hard\libgcc.a
LOAD f:/at32ide/platform/tools/gcc-arm-none-eabi-10.3-2021.10/bin/../lib/gcc/arm-none-eabi/10.3.1/../../../../arm-none-eabi/lib/thumb/v7e-m+fp/hard\libg_nano.a
LOAD f:/at32ide/platform/tools/gcc-arm-none-eabi-10.3-2021.10/bin/../lib/gcc/arm-none-eabi/10.3.1/../../../../arm-none-eabi/lib/thumb/v7e-m+fp/hard\libc_nano.a
END GROUP
START GROUP
LOAD f:/at32ide/platform/tools/gcc-arm-none-eabi-10.3-2021.10/bin/../lib/gcc/arm-none-eabi/10.3.1/thumb/v7e-m+fp/hard\libgcc.a
LOAD f:/at32ide/platform/tools/gcc-arm-none-eabi-10.3-2021.10/bin/../lib/gcc/arm-none-eabi/10.3.1/../../../../arm-none-eabi/lib/thumb/v7e-m+fp/hard\libc_nano.a
LOAD f:/at32ide/platform/tools/gcc-arm-none-eabi-10.3-2021.10/bin/../lib/gcc/arm-none-eabi/10.3.1/../../../../arm-none-eabi/lib/thumb/v7e-m+fp/hard\libnosys.a
END GROUP
START GROUP
LOAD f:/at32ide/platform/tools/gcc-arm-none-eabi-10.3-2021.10/bin/../lib/gcc/arm-none-eabi/10.3.1/thumb/v7e-m+fp/hard\libgcc.a
LOAD f:/at32ide/platform/tools/gcc-arm-none-eabi-10.3-2021.10/bin/../lib/gcc/arm-none-eabi/10.3.1/../../../../arm-none-eabi/lib/thumb/v7e-m+fp/hard\libc_nano.a
LOAD f:/at32ide/platform/tools/gcc-arm-none-eabi-10.3-2021.10/bin/../lib/gcc/arm-none-eabi/10.3.1/../../../../arm-none-eabi/lib/thumb/v7e-m+fp/hard\libnosys.a
END GROUP
LOAD f:/at32ide/platform/tools/gcc-arm-none-eabi-10.3-2021.10/bin/../lib/gcc/arm-none-eabi/10.3.1/thumb/v7e-m+fp/hard/crtend.o
LOAD f:/at32ide/platform/tools/gcc-arm-none-eabi-10.3-2021.10/bin/../lib/gcc/arm-none-eabi/10.3.1/thumb/v7e-m+fp/hard/crtn.o
                0x20018000                _estack = 0x20018000
                0x00000200                _Min_Heap_Size = 0x200
                0x00000400                _Min_Stack_Size = 0x400

.isr_vector     0x08000000      0x184
                0x08000000                . = ALIGN (0x4)
 *(.isr_vector)
 .isr_vector    0x08000000      0x184 ./cmsis/startup_at32f403a_407.o
                0x08000000                g_pfnVectors
                0x08000184                . = ALIGN (0x4)

.text           0x08000188     0x502c
                0x08000188                . = ALIGN (0x4)
 *(.text)
 .text          0x08000188       0x40 f:/at32ide/platform/tools/gcc-arm-none-eabi-10.3-2021.10/bin/../lib/gcc/arm-none-eabi/10.3.1/thumb/v7e-m+fp/hard/crtbegin.o
 .text          0x080001c8       0x10 f:/at32ide/platform/tools/gcc-arm-none-eabi-10.3-2021.10/bin/../lib/gcc/arm-none-eabi/10.3.1/../../../../arm-none-eabi/lib/thumb/v7e-m+fp/hard\libg_nano.a(lib_a-strlen.o)
                0x080001c8                strlen
 *(.text*)
 .text.startup  0x080001d8       0x10 f:/at32ide/platform/tools/gcc-arm-none-eabi-10.3-2021.10/bin/../lib/gcc/arm-none-eabi/10.3.1/thumb/v7e-m+fp/hard/crtfastmath.o
 .text.system_clock_config
                0x080001e8       0x80 ./user/at32f403a_407_clock.o
                0x080001e8                system_clock_config
 .text.NMI_Handler
                0x08000268        0x4 ./user/at32f403a_407_int.o
                0x08000268                NMI_Handler
 .text.HardFault_Handler
                0x0800026c        0x4 ./user/at32f403a_407_int.o
                0x0800026c                HardFault_Handler
 .text.MemManage_Handler
                0x08000270        0x4 ./user/at32f403a_407_int.o
                0x08000270                MemManage_Handler
 .text.BusFault_Handler
                0x08000274        0x4 ./user/at32f403a_407_int.o
                0x08000274                BusFault_Handler
 .text.UsageFault_Handler
                0x08000278        0x4 ./user/at32f403a_407_int.o
                0x08000278                UsageFault_Handler
 .text.SVC_Handler
                0x0800027c        0x4 ./user/at32f403a_407_int.o
                0x0800027c                SVC_Handler
 .text.DebugMon_Handler
                0x08000280        0x4 ./user/at32f403a_407_int.o
                0x08000280                DebugMon_Handler
 .text.PendSV_Handler
                0x08000284        0x4 ./user/at32f403a_407_int.o
                0x08000284                PendSV_Handler
 .text.SysTick_Handler
                0x08000288       0x10 ./user/at32f403a_407_int.o
                0x08000288                SysTick_Handler
 .text.DMA1_Channel1_IRQHandler
                0x08000298        0xc ./user/at32f403a_407_int.o
                0x08000298                DMA1_Channel1_IRQHandler
 *fill*         0x080002a4        0x4 
 .text.startup.main
                0x080002a8      0x47c ./user/main.o
                0x080002a8                main
 .text.USBFS_L_CAN1_RX0_IRQHandler
                0x08000724        0xc ./user/main.o
                0x08000724                USBFS_L_CAN1_RX0_IRQHandler
 .text.usbd_core_setup_handler
                0x08000730       0x50 ./usbd_drivers/usbd_core.o
                0x08000730                usbd_core_setup_handler
 .text.usbd_ctrl_send
                0x08000780       0xbc ./usbd_drivers/usbd_core.o
                0x08000780                usbd_ctrl_send
 .text.usbd_ctrl_recv
                0x0800083c       0x5c ./usbd_drivers/usbd_core.o
                0x0800083c                usbd_ctrl_recv
 .text.usbd_ctrl_send_status
                0x08000898       0xa8 ./usbd_drivers/usbd_core.o
                0x08000898                usbd_ctrl_send_status
 .text.usbd_clear_stall
                0x08000940       0x74 ./usbd_drivers/usbd_core.o
                0x08000940                usbd_clear_stall
 .text.usbd_set_stall
                0x080009b4       0x74 ./usbd_drivers/usbd_core.o
                0x080009b4                usbd_set_stall
 .text.usbd_ctrl_unsupport
                0x08000a28       0x54 ./usbd_drivers/usbd_core.o
                0x08000a28                usbd_ctrl_unsupport
 .text.usbd_ept_send
                0x08000a7c       0xc4 ./usbd_drivers/usbd_core.o
                0x08000a7c                usbd_ept_send
 .text.usbd_core_out_handler
                0x08000b40       0x98 ./usbd_drivers/usbd_core.o
                0x08000b40                usbd_core_out_handler
 .text.usbd_core_in_handler
                0x08000bd8       0xd4 ./usbd_drivers/usbd_core.o
                0x08000bd8                usbd_core_in_handler
 .text.usbd_ept_recv
                0x08000cac       0x54 ./usbd_drivers/usbd_core.o
                0x08000cac                usbd_ept_recv
 .text.usbd_get_recv_len
                0x08000d00       0x10 ./usbd_drivers/usbd_core.o
                0x08000d00                usbd_get_recv_len
 .text.usbd_ept_buf_custom_define
                0x08000d10       0x2c ./usbd_drivers/usbd_core.o
                0x08000d10                usbd_ept_buf_custom_define
 .text.usbd_ept_open
                0x08000d3c       0x44 ./usbd_drivers/usbd_core.o
                0x08000d3c                usbd_ept_open
 .text.usbd_ept_close
                0x08000d80       0x24 ./usbd_drivers/usbd_core.o
                0x08000d80                usbd_ept_close
 .text.usbd_connect
                0x08000da4        0x8 ./usbd_drivers/usbd_core.o
                0x08000da4                usbd_connect
 .text.usbd_enter_suspend
                0x08000dac        0x8 ./usbd_drivers/usbd_core.o
                0x08000dac                usbd_enter_suspend
 .text.usbd_ept_defaut_init
                0x08000db4      0x188 ./usbd_drivers/usbd_core.o
                0x08000db4                usbd_ept_defaut_init
 .text.usbd_core_init
                0x08000f3c      0x1c4 ./usbd_drivers/usbd_core.o
                0x08000f3c                usbd_core_init
 .text.usbd_reset_handler
                0x08001100       0x58 ./usbd_drivers/usbd_int.o
                0x08001100                usbd_reset_handler
 .text.usbd_irq_handler
                0x08001158      0x2c4 ./usbd_drivers/usbd_int.o
                0x08001158                usbd_irq_handler
 .text.usbd_setup_request_parse
                0x0800141c       0x28 ./usbd_drivers/usbd_sdr.o
                0x0800141c                usbd_setup_request_parse
 .text.usbd_device_request
                0x08001444      0x244 ./usbd_drivers/usbd_sdr.o
                0x08001444                usbd_device_request
 .text.usbd_interface_request
                0x08001688       0x3c ./usbd_drivers/usbd_sdr.o
                0x08001688                usbd_interface_request
 .text.usbd_endpoint_request
                0x080016c4       0xf0 ./usbd_drivers/usbd_sdr.o
                0x080016c4                usbd_endpoint_request
 .text.acc_calibration_mode_enable
                0x080017b4       0x28 ./firmware/at32f403a_407_acc.o
                0x080017b4                acc_calibration_mode_enable
 .text.acc_write_c1
                0x080017dc        0xc ./firmware/at32f403a_407_acc.o
                0x080017dc                acc_write_c1
 .text.acc_write_c2
                0x080017e8        0xc ./firmware/at32f403a_407_acc.o
                0x080017e8                acc_write_c2
 .text.acc_write_c3
                0x080017f4        0xc ./firmware/at32f403a_407_acc.o
                0x080017f4                acc_write_c3
 .text.crm_reset
                0x08001800       0x44 ./firmware/at32f403a_407_crm.o
                0x08001800                crm_reset
 .text.crm_flag_get
                0x08001844       0x24 ./firmware/at32f403a_407_crm.o
                0x08001844                crm_flag_get
 .text.crm_hext_stable_wait
                0x08001868       0x24 ./firmware/at32f403a_407_crm.o
                0x08001868                crm_hext_stable_wait
 .text.crm_periph_clock_enable
                0x0800188c       0x2c ./firmware/at32f403a_407_crm.o
                0x0800188c                crm_periph_clock_enable
 .text.crm_clock_source_enable
                0x080018b8       0x50 ./firmware/at32f403a_407_crm.o
                0x080018b8                crm_clock_source_enable
 .text.crm_ahb_div_set
                0x08001908       0x10 ./firmware/at32f403a_407_crm.o
                0x08001908                crm_ahb_div_set
 .text.crm_apb1_div_set
                0x08001918       0x10 ./firmware/at32f403a_407_crm.o
                0x08001918                crm_apb1_div_set
 .text.crm_apb2_div_set
                0x08001928       0x10 ./firmware/at32f403a_407_crm.o
                0x08001928                crm_apb2_div_set
 .text.crm_pll_config
                0x08001938       0x58 ./firmware/at32f403a_407_crm.o
                0x08001938                crm_pll_config
 .text.crm_sysclk_switch
                0x08001990       0x10 ./firmware/at32f403a_407_crm.o
                0x08001990                crm_sysclk_switch
 .text.crm_sysclk_switch_status_get
                0x080019a0       0x10 ./firmware/at32f403a_407_crm.o
                0x080019a0                crm_sysclk_switch_status_get
 .text.crm_clocks_freq_get
                0x080019b0       0xf4 ./firmware/at32f403a_407_crm.o
                0x080019b0                crm_clocks_freq_get
 .text.crm_auto_step_mode_enable
                0x08001aa4       0x20 ./firmware/at32f403a_407_crm.o
                0x08001aa4                crm_auto_step_mode_enable
 .text.crm_usb_clock_source_select
                0x08001ac4       0x28 ./firmware/at32f403a_407_crm.o
                0x08001ac4                crm_usb_clock_source_select
 .text.dma_reset
                0x08001aec       0x58 ./firmware/at32f403a_407_dma.o
                0x08001aec                dma_reset
 .text.dma_flexible_config
                0x08001b44       0x94 ./firmware/at32f403a_407_dma.o
                0x08001b44                dma_flexible_config
 .text.dma_default_para_init
                0x08001bd8       0x10 ./firmware/at32f403a_407_dma.o
                0x08001bd8                dma_default_para_init
 .text.dma_init
                0x08001be8       0x64 ./firmware/at32f403a_407_dma.o
                0x08001be8                dma_init
 .text.gpio_init
                0x08001c4c      0x1a0 ./firmware/at32f403a_407_gpio.o
                0x08001c4c                gpio_init
 .text.gpio_default_para_init
                0x08001dec       0x10 ./firmware/at32f403a_407_gpio.o
                0x08001dec                gpio_default_para_init
 .text.nvic_irq_enable
                0x08001dfc       0x8c ./firmware/at32f403a_407_misc.o
                0x08001dfc                nvic_irq_enable
 .text.systick_clock_source_config
                0x08001e88       0x18 ./firmware/at32f403a_407_misc.o
                0x08001e88                systick_clock_source_config
 .text.spi_default_para_init
                0x08001ea0        0xc ./firmware/at32f403a_407_spi.o
                0x08001ea0                spi_default_para_init
 .text.spi_init
                0x08001eac       0xf4 ./firmware/at32f403a_407_spi.o
                0x08001eac                spi_init
 .text.tmr_counter_enable
                0x08001fa0        0xc ./firmware/at32f403a_407_tmr.o
                0x08001fa0                tmr_counter_enable
 .text.tmr_output_default_para_init
                0x08001fac        0xc ./firmware/at32f403a_407_tmr.o
                0x08001fac                tmr_output_default_para_init
 .text.tmr_base_init
                0x08001fb8       0x10 ./firmware/at32f403a_407_tmr.o
                0x08001fb8                tmr_base_init
 .text.tmr_cnt_dir_set
                0x08001fc8        0xc ./firmware/at32f403a_407_tmr.o
                0x08001fc8                tmr_cnt_dir_set
 .text.tmr_output_channel_config
                0x08001fd4       0xe0 ./firmware/at32f403a_407_tmr.o
                0x08001fd4                tmr_output_channel_config
 .text.tmr_channel_value_set
                0x080020b4       0x20 ./firmware/at32f403a_407_tmr.o
                0x080020b4                tmr_channel_value_set
 .text.tmr_output_enable
                0x080020d4        0xc ./firmware/at32f403a_407_tmr.o
                0x080020d4                tmr_output_enable
 .text.usb_dev_init
                0x080020e0       0x1c ./firmware/at32f403a_407_usb.o
                0x080020e0                usb_dev_init
 .text.usb_connect
                0x080020fc       0x14 ./firmware/at32f403a_407_usb.o
                0x080020fc                usb_connect
 .text.usb_ept_open
                0x08002110      0x328 ./firmware/at32f403a_407_usb.o
                0x08002110                usb_ept_open
 .text.usb_ept_close
                0x08002438      0x120 ./firmware/at32f403a_407_usb.o
                0x08002438                usb_ept_close
 .text.usb_write_packet
                0x08002558       0x28 ./firmware/at32f403a_407_usb.o
                0x08002558                usb_write_packet
 .text.usb_read_packet
                0x08002580       0x28 ./firmware/at32f403a_407_usb.o
                0x08002580                usb_read_packet
 .text.usb_set_address
                0x080025a8       0x14 ./firmware/at32f403a_407_usb.o
                0x080025a8                usb_set_address
 .text.usb_enter_suspend
                0x080025bc       0x14 ./firmware/at32f403a_407_usb.o
                0x080025bc                usb_enter_suspend
 .text.usb_exit_suspend
                0x080025d0       0x14 ./firmware/at32f403a_407_usb.o
                0x080025d0                usb_exit_suspend
 .text.usb_buffer_free
                0x080025e4        0xc ./firmware/at32f403a_407_usb.o
                0x080025e4                usb_buffer_free
 .text.usb_flag_clear
                0x080025f0        0x8 ./firmware/at32f403a_407_usb.o
                0x080025f0                usb_flag_clear
 .text.Reset_Handler
                0x080025f8       0x48 ./cmsis/startup_at32f403a_407.o
                0x080025f8                Reset_Handler
 .text.Default_Handler
                0x08002640        0x2 ./cmsis/startup_at32f403a_407.o
                0x08002640                SDIO1_IRQHandler
                0x08002640                XMC_IRQHandler
                0x08002640                EXINT2_IRQHandler
                0x08002640                UART8_IRQHandler
                0x08002640                SPI4_IRQHandler
                0x08002640                I2C2_EVT_IRQHandler
                0x08002640                TMR1_OVF_TMR10_IRQHandler
                0x08002640                TMR8_TRG_HALL_TMR14_IRQHandler
                0x08002640                USBFS_H_CAN1_TX_IRQHandler
                0x08002640                I2C1_ERR_IRQHandler
                0x08002640                EXINT9_5_IRQHandler
                0x08002640                EMAC_IRQHandler
                0x08002640                CAN2_RX1_IRQHandler
                0x08002640                TMR5_GLOBAL_IRQHandler
                0x08002640                SDIO2_IRQHandler
                0x08002640                ADC1_2_IRQHandler
                0x08002640                SPI1_IRQHandler
                0x08002640                TAMPER_IRQHandler
                0x08002640                CAN2_RX0_IRQHandler
                0x08002640                DMA2_Channel2_IRQHandler
                0x08002640                DMA1_Channel4_IRQHandler
                0x08002640                TMR8_CH_IRQHandler
                0x08002640                USART6_IRQHandler
                0x08002640                EXINT0_IRQHandler
                0x08002640                USART3_IRQHandler
                0x08002640                RTC_IRQHandler
                0x08002640                DMA1_Channel7_IRQHandler
                0x08002640                CAN1_RX1_IRQHandler
                0x08002640                UART5_IRQHandler
                0x08002640                ADC3_IRQHandler
                0x08002640                ACC_IRQHandler
                0x08002640                EMAC_WKUP_IRQHandler
                0x08002640                DMA2_Channel1_IRQHandler
                0x08002640                EXINT3_IRQHandler
                0x08002640                DMA1_Channel6_IRQHandler
                0x08002640                UART4_IRQHandler
                0x08002640                Default_Handler
                0x08002640                USBFS_MAPH_IRQHandler
                0x08002640                TMR3_GLOBAL_IRQHandler
                0x08002640                TMR7_GLOBAL_IRQHandler
                0x08002640                CAN1_SE_IRQHandler
                0x08002640                CAN2_TX_IRQHandler
                0x08002640                I2C3_ERR_IRQHandler
                0x08002640                SPI3_I2S3EXT_IRQHandler
                0x08002640                TMR1_BRK_TMR9_IRQHandler
                0x08002640                USBFS_MAPL_IRQHandler
                0x08002640                TMR8_BRK_TMR12_IRQHandler
                0x08002640                TMR1_TRG_HALL_TMR11_IRQHandler
                0x08002640                DMA1_Channel5_IRQHandler
                0x08002640                TMR4_GLOBAL_IRQHandler
                0x08002640                EXINT4_IRQHandler
                0x08002640                CAN2_SE_IRQHandler
                0x08002640                DMA2_Channel6_7_IRQHandler
                0x08002640                PVM_IRQHandler
                0x08002640                I2C3_EVT_IRQHandler
                0x08002640                DMA1_Channel3_IRQHandler
                0x08002640                I2C1_EVT_IRQHandler
                0x08002640                TMR8_OVF_TMR13_IRQHandler
                0x08002640                TMR6_GLOBAL_IRQHandler
                0x08002640                EXINT1_IRQHandler
                0x08002640                RTCAlarm_IRQHandler
                0x08002640                DMA2_Channel4_5_IRQHandler
                0x08002640                UART7_IRQHandler
                0x08002640                USART2_IRQHandler
                0x08002640                DMA1_Channel2_IRQHandler
                0x08002640                TMR2_GLOBAL_IRQHandler
                0x08002640                FLASH_IRQHandler
                0x08002640                SPI2_I2S2EXT_IRQHandler
                0x08002640                I2C2_ERR_IRQHandler
                0x08002640                USBFSWakeUp_IRQHandler
                0x08002640                USART1_IRQHandler
                0x08002640                TMR1_CH_IRQHandler
                0x08002640                CRM_IRQHandler
                0x08002640                EXINT15_10_IRQHandler
                0x08002640                WWDT_IRQHandler
                0x08002640                DMA2_Channel3_IRQHandler
 *fill*         0x08002642        0x2 
 .text.SystemInit
                0x08002644       0x64 ./cmsis/system_at32f403a_407.o
                0x08002644                SystemInit
 .text.system_core_clock_update
                0x080026a8       0xac ./cmsis/system_at32f403a_407.o
                0x080026a8                system_core_clock_update
 .text.class_ept0_tx_handler
                0x08002754        0x4 ./cdc/cdc_class.o
 .text.class_in_handler
                0x08002758       0x10 ./cdc/cdc_class.o
 .text.class_event_handler
                0x08002768        0x4 ./cdc/cdc_class.o
 .text.class_out_handler
                0x0800276c       0x88 ./cdc/cdc_class.o
 .text.class_clear_handler
                0x080027f4       0x20 ./cdc/cdc_class.o
 .text.class_init_handler
                0x08002814       0x80 ./cdc/cdc_class.o
 .text.class_sof_handler
                0x08002894        0x4 ./cdc/cdc_class.o
 .text.class_setup_handler
                0x08002898       0xe0 ./cdc/cdc_class.o
 .text.class_ept0_rx_handler
                0x08002978       0x40 ./cdc/cdc_class.o
 .text.usb_vcp_send_data
                0x080029b8       0x2c ./cdc/cdc_class.o
                0x080029b8                usb_vcp_send_data
 .text.get_device_descriptor
                0x080029e4        0x8 ./cdc/cdc_desc.o
 .text.get_device_qualifier
                0x080029ec        0x4 ./cdc/cdc_desc.o
 .text.get_device_configuration
                0x080029f0        0x8 ./cdc/cdc_desc.o
 .text.get_device_lang_id
                0x080029f8        0x8 ./cdc/cdc_desc.o
 .text.get_device_manufacturer_string
                0x08002a00       0x54 ./cdc/cdc_desc.o
 .text.get_device_product_string
                0x08002a54       0x54 ./cdc/cdc_desc.o
 .text.get_device_interface_string
                0x08002aa8       0x54 ./cdc/cdc_desc.o
 .text.get_device_config_string
                0x08002afc       0x54 ./cdc/cdc_desc.o
 .text.get_device_serial_string
                0x08002b50      0x11c ./cdc/cdc_desc.o
 .text.get_device_other_speed
                0x08002c6c        0x4 ./cdc/cdc_desc.o
 .text.delay_ms
                0x08002c70       0x1c ./bsp/at32f403a_407_board.o
                0x08002c70                delay_ms
 .text.tjd_output
                0x08002c8c       0x44 ./JPEG/jpeg_chan.o
 .text.tjd_input_memory
                0x08002cd0       0x30 ./JPEG/jpeg_chan.o
 .text.LCD_Load_JPG_chan
                0x08002d00       0x98 ./JPEG/jpeg_chan.o
                0x08002d00                LCD_Load_JPG_chan
 .text.jd_prepare
                0x08002d98      0x948 ./JPEG/tjpgd.o
                0x08002d98                jd_prepare
 .text.jd_decomp
                0x080036e0      0xf48 ./JPEG/tjpgd.o
                0x080036e0                jd_decomp
 .text.LCD_String_Interpretator
                0x08004628       0xe0 ./Display/display.o
                0x08004628                LCD_String_Interpretator
 .text.LCD_DisplayAdd
                0x08004708      0x208 ./Display/display.o
                0x08004708                LCD_DisplayAdd
 .text.LCD_Init
                0x08004910       0x88 ./Display/display.o
                0x08004910                LCD_Init
 .text.LCD_Fill
                0x08004998       0x20 ./Display/display.o
                0x08004998                LCD_Fill
 .text.LCD_WriteChar
                0x080049b8      0x304 ./Display/display.o
                0x080049b8                LCD_WriteChar
 .text.LCD_WriteString
                0x08004cbc       0x6c ./Display/display.o
                0x08004cbc                LCD_WriteString
 .text.LCD_SetActiveWindow
                0x08004d28       0xbe ./Display/display_asm.o
                0x08004d28                LCD_SetActiveWindow
 .text.LCD_WriteData
                0x08004de6       0x66 ./Display/display_asm.o
                0x08004de6                LCD_WriteData
 .text.LCD_WriteDataDMA
                0x08004e4c       0x8e ./Display/display_asm.o
                0x08004e4c                LCD_WriteDataDMA
 .text.LCD_FillWindow
                0x08004eda       0x8c ./Display/display_asm.o
                0x08004eda                LCD_FillWindow
 .text.LCD_DrawImage
                0x08004f66       0x50 ./Display/display_asm.o
                0x08004f66                LCD_DrawImage
 *fill*         0x08004fb6        0x2 
 .text.Display_TC_Callback
                0x08004fb8       0x78 ./Display/display_asm.o
                0x08004fb8                Display_TC_Callback
 .text.ILI9341_Init
                0x08005030       0x3c ./Display/ili9341.o
                0x08005030                ILI9341_Init
 .text.ILI9341_SetWindow
                0x0800506c       0x24 ./Display/ili9341.o
                0x0800506c                ILI9341_SetWindow
 .text.ILI9341_SleepIn
                0x08005090        0x8 ./Display/ili9341.o
                0x08005090                ILI9341_SleepIn
 .text.ILI9341_SleepOut
                0x08005098        0x8 ./Display/ili9341.o
                0x08005098                ILI9341_SleepOut
 .text.__libc_init_array
                0x080050a0       0x48 f:/at32ide/platform/tools/gcc-arm-none-eabi-10.3-2021.10/bin/../lib/gcc/arm-none-eabi/10.3.1/../../../../arm-none-eabi/lib/thumb/v7e-m+fp/hard\libg_nano.a(lib_a-init.o)
                0x080050a0                __libc_init_array
 .text.memcpy   0x080050e8       0x1c f:/at32ide/platform/tools/gcc-arm-none-eabi-10.3-2021.10/bin/../lib/gcc/arm-none-eabi/10.3.1/../../../../arm-none-eabi/lib/thumb/v7e-m+fp/hard\libg_nano.a(lib_a-memcpy-stub.o)
                0x080050e8                memcpy
 .text.memset   0x08005104       0x10 f:/at32ide/platform/tools/gcc-arm-none-eabi-10.3-2021.10/bin/../lib/gcc/arm-none-eabi/10.3.1/../../../../arm-none-eabi/lib/thumb/v7e-m+fp/hard\libg_nano.a(lib_a-memset.o)
                0x08005104                memset
 .text.__utoa   0x08005114       0x84 f:/at32ide/platform/tools/gcc-arm-none-eabi-10.3-2021.10/bin/../lib/gcc/arm-none-eabi/10.3.1/../../../../arm-none-eabi/lib/thumb/v7e-m+fp/hard\libg_nano.a(lib_a-utoa.o)
                0x08005114                __utoa
 .text.utoa     0x08005198        0x4 f:/at32ide/platform/tools/gcc-arm-none-eabi-10.3-2021.10/bin/../lib/gcc/arm-none-eabi/10.3.1/../../../../arm-none-eabi/lib/thumb/v7e-m+fp/hard\libg_nano.a(lib_a-utoa.o)
                0x08005198                utoa
 *(.glue_7)
 .glue_7        0x0800519c        0x0 linker stubs
 *(.glue_7t)
 .glue_7t       0x0800519c        0x0 linker stubs
 *(.eh_frame)
 .eh_frame      0x0800519c        0x0 f:/at32ide/platform/tools/gcc-arm-none-eabi-10.3-2021.10/bin/../lib/gcc/arm-none-eabi/10.3.1/thumb/v7e-m+fp/hard/crtbegin.o
 *(.init)
 .init          0x0800519c        0x4 f:/at32ide/platform/tools/gcc-arm-none-eabi-10.3-2021.10/bin/../lib/gcc/arm-none-eabi/10.3.1/thumb/v7e-m+fp/hard/crti.o
                0x0800519c                _init
 .init          0x080051a0        0x8 f:/at32ide/platform/tools/gcc-arm-none-eabi-10.3-2021.10/bin/../lib/gcc/arm-none-eabi/10.3.1/thumb/v7e-m+fp/hard/crtn.o
 *(.fini)
 .fini          0x080051a8        0x4 f:/at32ide/platform/tools/gcc-arm-none-eabi-10.3-2021.10/bin/../lib/gcc/arm-none-eabi/10.3.1/thumb/v7e-m+fp/hard/crti.o
                0x080051a8                _fini
 .fini          0x080051ac        0x8 f:/at32ide/platform/tools/gcc-arm-none-eabi-10.3-2021.10/bin/../lib/gcc/arm-none-eabi/10.3.1/thumb/v7e-m+fp/hard/crtn.o
                0x080051b4                . = ALIGN (0x4)
                0x080051b4                _etext = .

.vfp11_veneer   0x080051b4        0x0
 .vfp11_veneer  0x080051b4        0x0 linker stubs

.v4_bx          0x080051b4        0x0
 .v4_bx         0x080051b4        0x0 linker stubs

.iplt           0x080051b4        0x0
 .iplt          0x080051b4        0x0 f:/at32ide/platform/tools/gcc-arm-none-eabi-10.3-2021.10/bin/../lib/gcc/arm-none-eabi/10.3.1/thumb/v7e-m+fp/hard/crtfastmath.o

.rodata         0x080051b4      0xcec
                0x080051b4                . = ALIGN (0x4)
 *(.rodata)
 .rodata        0x080051b4       0x10 ./user/main.o
 *(.rodata*)
 .rodata.main.str1.4
                0x080051c4        0xe ./user/main.o
 *fill*         0x080051d2        0x2 
 .rodata.adc_div_table.0
                0x080051d4        0x8 ./firmware/at32f403a_407_crm.o
 .rodata.ahb_apb1_div_table.2
                0x080051dc        0x8 ./firmware/at32f403a_407_crm.o
 .rodata.sclk_ahb_div_table.3
                0x080051e4       0x10 ./firmware/at32f403a_407_crm.o
 .rodata.sys_ahb_div_table.0
                0x080051f4       0x10 ./cmsis/system_at32f403a_407.o
 .rodata.get_device_manufacturer_string.str1.4
                0x08005204        0x7 ./cdc/cdc_desc.o
 *fill*         0x0800520b        0x1 
 .rodata.get_device_product_string.str1.4
                0x0800520c       0x18 ./cdc/cdc_desc.o
 .rodata.get_device_interface_string.str1.4
                0x08005224       0x1a ./cdc/cdc_desc.o
 *fill*         0x0800523e        0x2 
 .rodata.get_device_config_string.str1.4
                0x08005240       0x17 ./cdc/cdc_desc.o
 *fill*         0x08005257        0x1 
 .rodata.Ipsf   0x08005258       0x80 ./JPEG/tjpgd.o
 .rodata.Zig    0x080052d8       0x40 ./JPEG/tjpgd.o
 .rodata.Font8x13
                0x08005318      0xb60 ./Display/fonts.o
 .rodata.__utoa.str1.1
                0x08005e78       0x25 f:/at32ide/platform/tools/gcc-arm-none-eabi-10.3-2021.10/bin/../lib/gcc/arm-none-eabi/10.3.1/../../../../arm-none-eabi/lib/thumb/v7e-m+fp/hard\libg_nano.a(lib_a-utoa.o)
                0x08005ea0                . = ALIGN (0x4)
 *fill*         0x08005e9d        0x3 

.rel.dyn        0x08005ea0        0x0
 .rel.iplt      0x08005ea0        0x0 f:/at32ide/platform/tools/gcc-arm-none-eabi-10.3-2021.10/bin/../lib/gcc/arm-none-eabi/10.3.1/thumb/v7e-m+fp/hard/crtfastmath.o

.ARM.extab
 *(.ARM.extab* .gnu.linkonce.armextab.*)

.ARM            0x08005ea0        0x0
                0x08005ea0                __exidx_start = .
 *(.ARM.exidx*)
                0x08005ea0                __exidx_end = .

.preinit_array  0x08005ea0        0x0
                0x08005ea0                PROVIDE (__preinit_array_start = .)
 *(.preinit_array*)
                0x08005ea0                PROVIDE (__preinit_array_end = .)

.init_array     0x08005ea0        0x8
                0x08005ea0                PROVIDE (__init_array_start = .)
 *(SORT_BY_NAME(.init_array.*))
 *(.init_array*)
 .init_array    0x08005ea0        0x4 f:/at32ide/platform/tools/gcc-arm-none-eabi-10.3-2021.10/bin/../lib/gcc/arm-none-eabi/10.3.1/thumb/v7e-m+fp/hard/crtfastmath.o
 .init_array    0x08005ea4        0x4 f:/at32ide/platform/tools/gcc-arm-none-eabi-10.3-2021.10/bin/../lib/gcc/arm-none-eabi/10.3.1/thumb/v7e-m+fp/hard/crtbegin.o
                0x08005ea8                PROVIDE (__init_array_end = .)

.fini_array     0x08005ea8        0x4
                [!provide]                PROVIDE (__fini_array_start = .)
 *(SORT_BY_NAME(.fini_array.*))
 *(.fini_array*)
 .fini_array    0x08005ea8        0x4 f:/at32ide/platform/tools/gcc-arm-none-eabi-10.3-2021.10/bin/../lib/gcc/arm-none-eabi/10.3.1/thumb/v7e-m+fp/hard/crtbegin.o
                [!provide]                PROVIDE (__fini_array_end = .)
                0x08005eac                _sidata = LOADADDR (.data)

.data           0x20000000      0x1c4 load address 0x08005eac
                0x20000000                . = ALIGN (0x4)
                0x20000000                _sdata = .
 *(.data)
 *(.data*)
 .data.g_usb_offset_addr
                0x20000000        0x2 ./firmware/at32f403a_407_usb.o
 *fill*         0x20000002        0x2 
 .data.g_usb_packet_address
                0x20000004        0x4 ./firmware/at32f403a_407_usb.o
                0x20000004                g_usb_packet_address
 .data.system_core_clock
                0x20000008        0x4 ./cmsis/system_at32f403a_407.o
                0x20000008                system_core_clock
 .data.cdc_class_handler
                0x2000000c       0x28 ./cdc/cdc_class.o
                0x2000000c                cdc_class_handler
 .data.linecoding
                0x20000034        0x8 ./cdc/cdc_class.o
                0x20000034                linecoding
 .data.cdc_desc_handler
                0x2000003c       0x28 ./cdc/cdc_desc.o
                0x2000003c                cdc_desc_handler
 .data.config_descriptor
                0x20000064        0x8 ./cdc/cdc_desc.o
 .data.device_descriptor
                0x2000006c        0x8 ./cdc/cdc_desc.o
 .data.g_string_lang_id
                0x20000074        0x4 ./cdc/cdc_desc.o
 .data.g_string_serial
                0x20000078       0x1a ./cdc/cdc_desc.o
 *fill*         0x20000092        0x2 
 .data.g_usbd_configuration
                0x20000094       0x43 ./cdc/cdc_desc.o
 *fill*         0x200000d7        0x1 
 .data.g_usbd_descriptor
                0x200000d8       0x12 ./cdc/cdc_desc.o
 *fill*         0x200000ea        0x2 
 .data.langid_descriptor
                0x200000ec        0x8 ./cdc/cdc_desc.o
 .data.serial_descriptor
                0x200000f4        0x8 ./cdc/cdc_desc.o
 .data.AVI_color_mode
                0x200000fc        0x1 ./JPEG/jpeg_chan.o
                0x200000fc                AVI_color_mode
 *fill*         0x200000fd        0x3 
 .data.Font_8x13
                0x20000100        0xc ./Display/fonts.o
                0x20000100                Font_8x13
 .data.ili9341_init_str
                0x2000010c       0x91 ./Display/ili9341.o
                0x2000010c                ili9341_init_str
 *fill*         0x2000019d        0x3 
 .data.ili9341_setwin_str
                0x200001a0       0x12 ./Display/ili9341.o
                0x200001a0                ili9341_setwin_str
 *fill*         0x200001b2        0x2 
 .data.ili9341_sleepin_str
                0x200001b4        0x6 ./Display/ili9341.o
                0x200001b4                ili9341_sleepin_str
 *fill*         0x200001ba        0x2 
 .data.ili9341_sleepout_str
                0x200001bc        0x6 ./Display/ili9341.o
                0x200001bc                ili9341_sleepout_str
                0x200001c4                . = ALIGN (0x4)
 *fill*         0x200001c2        0x2 
                0x200001c4                _edata = .

.igot.plt       0x200001c4        0x0 load address 0x08006070
 .igot.plt      0x200001c4        0x0 f:/at32ide/platform/tools/gcc-arm-none-eabi-10.3-2021.10/bin/../lib/gcc/arm-none-eabi/10.3.1/thumb/v7e-m+fp/hard/crtfastmath.o
                0x200001c4                . = ALIGN (0x4)

.bss            0x200001c4     0x9064 load address 0x08006070
                0x200001c4                _sbss = .
                0x200001c4                __bss_start__ = _sbss
 *(.bss)
 .bss           0x200001c4       0x1c f:/at32ide/platform/tools/gcc-arm-none-eabi-10.3-2021.10/bin/../lib/gcc/arm-none-eabi/10.3.1/thumb/v7e-m+fp/hard/crtbegin.o
 *(.bss*)
 .bss.buf_offs  0x200001e0        0x2 ./user/main.o
                0x200001e0                buf_offs
 *fill*         0x200001e2        0x2 
 .bss.buffer    0x200001e4     0x5dc0 ./user/main.o
                0x200001e4                buffer
 .bss.len_buf   0x20005fa4        0x2 ./user/main.o
                0x20005fa4                len_buf
 *fill*         0x20005fa6        0x2 
 .bss.millis    0x20005fa8        0x4 ./user/main.o
                0x20005fa8                millis
 .bss.recieve_fl
                0x20005fac        0x1 ./user/main.o
                0x20005fac                recieve_fl
 *fill*         0x20005fad        0x3 
 .bss.usb_core_dev
                0x20005fb0      0x22c ./user/main.o
                0x20005fb0                usb_core_dev
 .bss.config_value.0
                0x200061dc        0x1 ./usbd_drivers/usbd_sdr.o
 *fill*         0x200061dd        0x3 
 .bss.cdc_struct
                0x200061e0       0x5c ./cdc/cdc_class.o
                0x200061e0                cdc_struct
 .bss.g_usbd_desc_buffer
                0x2000623c      0x100 ./cdc/cdc_desc.o
 .bss.vp_desc   0x2000633c        0x8 ./cdc/cdc_desc.o
 .bss.work_buffer
                0x20006344     0x2ee0 ./JPEG/jpeg_chan.o
                0x20006344                work_buffer
 .bss.LCD       0x20009224        0x4 ./Display/display.o
                0x20009224                LCD
 *(COMMON)
                0x20009228                . = ALIGN (0x4)
                0x20009228                _ebss = .
                0x20009228                __bss_end__ = _ebss

._user_heap_stack
                0x20009228      0x600 load address 0x08006070
                0x20009228                . = ALIGN (0x8)
                [!provide]                PROVIDE (end = .)
                [!provide]                PROVIDE (_end = .)
                0x20009428                . = (. + _Min_Heap_Size)
 *fill*         0x20009228      0x200 
                0x20009828                . = (. + _Min_Stack_Size)
 *fill*         0x20009428      0x400 
                0x20009828                . = ALIGN (0x8)

/DISCARD/
 libc.a(*)
 libm.a(*)
 libgcc.a(*)

.ARM.attributes
                0x00000000       0x32
 *(.ARM.attributes)
 .ARM.attributes
                0x00000000       0x34 f:/at32ide/platform/tools/gcc-arm-none-eabi-10.3-2021.10/bin/../lib/gcc/arm-none-eabi/10.3.1/thumb/v7e-m+fp/hard/crtfastmath.o
 .ARM.attributes
                0x00000034       0x1e f:/at32ide/platform/tools/gcc-arm-none-eabi-10.3-2021.10/bin/../lib/gcc/arm-none-eabi/10.3.1/thumb/v7e-m+fp/hard/crti.o
 .ARM.attributes
                0x00000052       0x34 f:/at32ide/platform/tools/gcc-arm-none-eabi-10.3-2021.10/bin/../lib/gcc/arm-none-eabi/10.3.1/thumb/v7e-m+fp/hard/crtbegin.o
 .ARM.attributes
                0x00000086       0x30 ./user/at32f403a_407_clock.o
 .ARM.attributes
                0x000000b6       0x30 ./user/at32f403a_407_int.o
 .ARM.attributes
                0x000000e6       0x30 ./user/main.o
 .ARM.attributes
                0x00000116       0x30 ./usbd_drivers/usbd_core.o
 .ARM.attributes
                0x00000146       0x30 ./usbd_drivers/usbd_int.o
 .ARM.attributes
                0x00000176       0x30 ./usbd_drivers/usbd_sdr.o
 .ARM.attributes
                0x000001a6       0x30 ./firmware/at32f403a_407_acc.o
 .ARM.attributes
                0x000001d6       0x30 ./firmware/at32f403a_407_crm.o
 .ARM.attributes
                0x00000206       0x30 ./firmware/at32f403a_407_dma.o
 .ARM.attributes
                0x00000236       0x30 ./firmware/at32f403a_407_gpio.o
 .ARM.attributes
                0x00000266       0x30 ./firmware/at32f403a_407_misc.o
 .ARM.attributes
                0x00000296       0x30 ./firmware/at32f403a_407_spi.o
 .ARM.attributes
                0x000002c6       0x30 ./firmware/at32f403a_407_tmr.o
 .ARM.attributes
                0x000002f6       0x30 ./firmware/at32f403a_407_usb.o
 .ARM.attributes
                0x00000326       0x21 ./cmsis/startup_at32f403a_407.o
 .ARM.attributes
                0x00000347       0x30 ./cmsis/system_at32f403a_407.o
 .ARM.attributes
                0x00000377       0x30 ./cdc/cdc_class.o
 .ARM.attributes
                0x000003a7       0x30 ./cdc/cdc_desc.o
 .ARM.attributes
                0x000003d7       0x30 ./bsp/at32f403a_407_board.o
 .ARM.attributes
                0x00000407       0x30 ./JPEG/jpeg_chan.o
 .ARM.attributes
                0x00000437       0x30 ./JPEG/tjpgd.o
 .ARM.attributes
                0x00000467       0x30 ./Display/display.o
 .ARM.attributes
                0x00000497       0x25 ./Display/display_asm.o
 .ARM.attributes
                0x000004bc       0x30 ./Display/fonts.o
 .ARM.attributes
                0x000004ec       0x30 ./Display/ili9341.o
 .ARM.attributes
                0x0000051c       0x34 f:/at32ide/platform/tools/gcc-arm-none-eabi-10.3-2021.10/bin/../lib/gcc/arm-none-eabi/10.3.1/../../../../arm-none-eabi/lib/thumb/v7e-m+fp/hard\libg_nano.a(lib_a-init.o)
 .ARM.attributes
                0x00000550       0x34 f:/at32ide/platform/tools/gcc-arm-none-eabi-10.3-2021.10/bin/../lib/gcc/arm-none-eabi/10.3.1/../../../../arm-none-eabi/lib/thumb/v7e-m+fp/hard\libg_nano.a(lib_a-memcpy-stub.o)
 .ARM.attributes
                0x00000584       0x34 f:/at32ide/platform/tools/gcc-arm-none-eabi-10.3-2021.10/bin/../lib/gcc/arm-none-eabi/10.3.1/../../../../arm-none-eabi/lib/thumb/v7e-m+fp/hard\libg_nano.a(lib_a-memset.o)
 .ARM.attributes
                0x000005b8       0x17 f:/at32ide/platform/tools/gcc-arm-none-eabi-10.3-2021.10/bin/../lib/gcc/arm-none-eabi/10.3.1/../../../../arm-none-eabi/lib/thumb/v7e-m+fp/hard\libg_nano.a(lib_a-strlen.o)
 .ARM.attributes
                0x000005cf       0x34 f:/at32ide/platform/tools/gcc-arm-none-eabi-10.3-2021.10/bin/../lib/gcc/arm-none-eabi/10.3.1/../../../../arm-none-eabi/lib/thumb/v7e-m+fp/hard\libg_nano.a(lib_a-utoa.o)
 .ARM.attributes
                0x00000603       0x1e f:/at32ide/platform/tools/gcc-arm-none-eabi-10.3-2021.10/bin/../lib/gcc/arm-none-eabi/10.3.1/thumb/v7e-m+fp/hard/crtn.o
OUTPUT(AT32F403ACGU7_virtual_com_port.elf elf32-littlearm)
LOAD linker stubs
LOAD f:/at32ide/platform/tools/gcc-arm-none-eabi-10.3-2021.10/bin/../lib/gcc/arm-none-eabi/10.3.1/../../../../arm-none-eabi/lib/thumb/v7e-m+fp/hard\libc.a
LOAD f:/at32ide/platform/tools/gcc-arm-none-eabi-10.3-2021.10/bin/../lib/gcc/arm-none-eabi/10.3.1/../../../../arm-none-eabi/lib/thumb/v7e-m+fp/hard\libm.a
LOAD f:/at32ide/platform/tools/gcc-arm-none-eabi-10.3-2021.10/bin/../lib/gcc/arm-none-eabi/10.3.1/thumb/v7e-m+fp/hard\libgcc.a

.debug_frame    0x00000000     0x1b70
 .debug_frame   0x00000000       0x20 f:/at32ide/platform/tools/gcc-arm-none-eabi-10.3-2021.10/bin/../lib/gcc/arm-none-eabi/10.3.1/thumb/v7e-m+fp/hard/crtfastmath.o
 .debug_frame   0x00000020       0x2c ./user/at32f403a_407_clock.o
 .debug_frame   0x0000004c       0xb0 ./user/at32f403a_407_int.o
 .debug_frame   0x000000fc       0xa0 ./user/main.o
 .debug_frame   0x0000019c      0x27c ./usbd_drivers/usbd_core.o
 .debug_frame   0x00000418      0x138 ./usbd_drivers/usbd_int.o
 .debug_frame   0x00000550       0x74 ./usbd_drivers/usbd_sdr.o
 .debug_frame   0x000005c4       0xe0 ./firmware/at32f403a_407_acc.o
 .debug_frame   0x000006a4      0x258 ./firmware/at32f403a_407_crm.o
 .debug_frame   0x000008fc       0xbc ./firmware/at32f403a_407_dma.o
 .debug_frame   0x000009b8      0x180 ./firmware/at32f403a_407_gpio.o
 .debug_frame   0x00000b38       0x88 ./firmware/at32f403a_407_misc.o
 .debug_frame   0x00000bc0      0x1bc ./firmware/at32f403a_407_spi.o
 .debug_frame   0x00000d7c      0x464 ./firmware/at32f403a_407_tmr.o
 .debug_frame   0x000011e0      0x150 ./firmware/at32f403a_407_usb.o
 .debug_frame   0x00001330       0x44 ./cmsis/system_at32f403a_407.o
 .debug_frame   0x00001374      0x10c ./cdc/cdc_class.o
 .debug_frame   0x00001480       0xe0 ./cdc/cdc_desc.o
 .debug_frame   0x00001560       0x20 ./bsp/at32f403a_407_board.o
 .debug_frame   0x00001580       0x78 ./JPEG/jpeg_chan.o
 .debug_frame   0x000015f8       0x90 ./JPEG/tjpgd.o
 .debug_frame   0x00001688      0x3d0 ./Display/display.o
 .debug_frame   0x00001a58       0x5c ./Display/ili9341.o
 .debug_frame   0x00001ab4       0x2c f:/at32ide/platform/tools/gcc-arm-none-eabi-10.3-2021.10/bin/../lib/gcc/arm-none-eabi/10.3.1/../../../../arm-none-eabi/lib/thumb/v7e-m+fp/hard\libg_nano.a(lib_a-init.o)
 .debug_frame   0x00001ae0       0x28 f:/at32ide/platform/tools/gcc-arm-none-eabi-10.3-2021.10/bin/../lib/gcc/arm-none-eabi/10.3.1/../../../../arm-none-eabi/lib/thumb/v7e-m+fp/hard\libg_nano.a(lib_a-memcpy-stub.o)
 .debug_frame   0x00001b08       0x20 f:/at32ide/platform/tools/gcc-arm-none-eabi-10.3-2021.10/bin/../lib/gcc/arm-none-eabi/10.3.1/../../../../arm-none-eabi/lib/thumb/v7e-m+fp/hard\libg_nano.a(lib_a-memset.o)
 .debug_frame   0x00001b28       0x48 f:/at32ide/platform/tools/gcc-arm-none-eabi-10.3-2021.10/bin/../lib/gcc/arm-none-eabi/10.3.1/../../../../arm-none-eabi/lib/thumb/v7e-m+fp/hard\libg_nano.a(lib_a-utoa.o)

.debug_info     0x00000000    0x2518c
 .debug_info    0x00000000      0x5a5 ./user/at32f403a_407_clock.o
 .debug_info    0x000005a5      0x706 ./user/at32f403a_407_int.o
 .debug_info    0x00000cab     0x5568 ./user/main.o
 .debug_info    0x00006213     0x1ce7 ./usbd_drivers/usbd_core.o
 .debug_info    0x00007efa     0x14a9 ./usbd_drivers/usbd_int.o
 .debug_info    0x000093a3     0x13d8 ./usbd_drivers/usbd_sdr.o
 .debug_info    0x0000a77b      0x54b ./firmware/at32f403a_407_acc.o
 .debug_info    0x0000acc6     0x2491 ./firmware/at32f403a_407_crm.o
 .debug_info    0x0000d157      0xe56 ./firmware/at32f403a_407_dma.o
 .debug_info    0x0000dfad     0x20d8 ./firmware/at32f403a_407_gpio.o
 .debug_info    0x00010085      0xb01 ./firmware/at32f403a_407_misc.o
 .debug_info    0x00010b86     0x132b ./firmware/at32f403a_407_spi.o
 .debug_info    0x00011eb1     0x2ad2 ./firmware/at32f403a_407_tmr.o
 .debug_info    0x00014983     0x21b4 ./firmware/at32f403a_407_usb.o
 .debug_info    0x00016b37       0x22 ./cmsis/startup_at32f403a_407.o
 .debug_info    0x00016b59     0x15cf ./cmsis/system_at32f403a_407.o
 .debug_info    0x00018128     0x1647 ./cdc/cdc_class.o
 .debug_info    0x0001976f      0x726 ./cdc/cdc_desc.o
 .debug_info    0x00019e95      0x112 ./bsp/at32f403a_407_board.o
 .debug_info    0x00019fa7     0x30f8 ./JPEG/jpeg_chan.o
 .debug_info    0x0001d09f     0x1dfa ./JPEG/tjpgd.o
 .debug_info    0x0001ee99     0x5d51 ./Display/display.o
 .debug_info    0x00024bea       0x22 ./Display/display_asm.o
 .debug_info    0x00024c0c      0x269 ./Display/fonts.o
 .debug_info    0x00024e75      0x317 ./Display/ili9341.o

.debug_abbrev   0x00000000     0x3bf8
 .debug_abbrev  0x00000000       0xd2 ./user/at32f403a_407_clock.o
 .debug_abbrev  0x000000d2      0x18f ./user/at32f403a_407_int.o
 .debug_abbrev  0x00000261      0x47d ./user/main.o
 .debug_abbrev  0x000006de      0x496 ./usbd_drivers/usbd_core.o
 .debug_abbrev  0x00000b74      0x331 ./usbd_drivers/usbd_int.o
 .debug_abbrev  0x00000ea5      0x38e ./usbd_drivers/usbd_sdr.o
 .debug_abbrev  0x00001233      0x17c ./firmware/at32f403a_407_acc.o
 .debug_abbrev  0x000013af      0x357 ./firmware/at32f403a_407_crm.o
 .debug_abbrev  0x00001706      0x22f ./firmware/at32f403a_407_dma.o
 .debug_abbrev  0x00001935      0x25c ./firmware/at32f403a_407_gpio.o
 .debug_abbrev  0x00001b91      0x27e ./firmware/at32f403a_407_misc.o
 .debug_abbrev  0x00001e0f      0x28a ./firmware/at32f403a_407_spi.o
 .debug_abbrev  0x00002099      0x2b1 ./firmware/at32f403a_407_tmr.o
 .debug_abbrev  0x0000234a      0x308 ./firmware/at32f403a_407_usb.o
 .debug_abbrev  0x00002652       0x12 ./cmsis/startup_at32f403a_407.o
 .debug_abbrev  0x00002664      0x1b9 ./cmsis/system_at32f403a_407.o
 .debug_abbrev  0x0000281d      0x41d ./cdc/cdc_class.o
 .debug_abbrev  0x00002c3a      0x208 ./cdc/cdc_desc.o
 .debug_abbrev  0x00002e42       0xb5 ./bsp/at32f403a_407_board.o
 .debug_abbrev  0x00002ef7      0x27c ./JPEG/jpeg_chan.o
 .debug_abbrev  0x00003173      0x33b ./JPEG/tjpgd.o
 .debug_abbrev  0x000034ae      0x526 ./Display/display.o
 .debug_abbrev  0x000039d4       0x12 ./Display/display_asm.o
 .debug_abbrev  0x000039e6       0xd7 ./Display/fonts.o
 .debug_abbrev  0x00003abd      0x13b ./Display/ili9341.o

.debug_aranges  0x00000000      0xb80
 .debug_aranges
                0x00000000       0x20 ./user/at32f403a_407_clock.o
 .debug_aranges
                0x00000020       0x50 ./user/at32f403a_407_int.o
 .debug_aranges
                0x00000070       0x30 ./user/main.o
 .debug_aranges
                0x000000a0       0xe8 ./usbd_drivers/usbd_core.o
 .debug_aranges
                0x00000188       0x50 ./usbd_drivers/usbd_int.o
 .debug_aranges
                0x000001d8       0x38 ./usbd_drivers/usbd_sdr.o
 .debug_aranges
                0x00000210       0x80 ./firmware/at32f403a_407_acc.o
 .debug_aranges
                0x00000290      0x120 ./firmware/at32f403a_407_crm.o
 .debug_aranges
                0x000003b0       0x68 ./firmware/at32f403a_407_dma.o
 .debug_aranges
                0x00000418       0xa8 ./firmware/at32f403a_407_gpio.o
 .debug_aranges
                0x000004c0       0x50 ./firmware/at32f403a_407_misc.o
 .debug_aranges
                0x00000510       0xd0 ./firmware/at32f403a_407_spi.o
 .debug_aranges
                0x000005e0      0x1c8 ./firmware/at32f403a_407_tmr.o
 .debug_aranges
                0x000007a8       0xb0 ./firmware/at32f403a_407_usb.o
 .debug_aranges
                0x00000858       0x28 ./cmsis/startup_at32f403a_407.o
 .debug_aranges
                0x00000880       0x28 ./cmsis/system_at32f403a_407.o
 .debug_aranges
                0x000008a8       0x68 ./cdc/cdc_class.o
 .debug_aranges
                0x00000910       0x60 ./cdc/cdc_desc.o
 .debug_aranges
                0x00000970       0x20 ./bsp/at32f403a_407_board.o
 .debug_aranges
                0x00000990       0x30 ./JPEG/jpeg_chan.o
 .debug_aranges
                0x000009c0       0x28 ./JPEG/tjpgd.o
 .debug_aranges
                0x000009e8      0x100 ./Display/display.o
 .debug_aranges
                0x00000ae8       0x48 ./Display/display_asm.o
 .debug_aranges
                0x00000b30       0x18 ./Display/fonts.o
 .debug_aranges
                0x00000b48       0x38 ./Display/ili9341.o

.debug_ranges   0x00000000     0x1c40
 .debug_ranges  0x00000000       0x10 ./user/at32f403a_407_clock.o
 .debug_ranges  0x00000010       0x40 ./user/at32f403a_407_int.o
 .debug_ranges  0x00000050       0xd8 ./user/main.o
 .debug_ranges  0x00000128      0x370 ./usbd_drivers/usbd_core.o
 .debug_ranges  0x00000498       0xd8 ./usbd_drivers/usbd_int.o
 .debug_ranges  0x00000570       0xb0 ./usbd_drivers/usbd_sdr.o
 .debug_ranges  0x00000620       0x70 ./firmware/at32f403a_407_acc.o
 .debug_ranges  0x00000690      0x148 ./firmware/at32f403a_407_crm.o
 .debug_ranges  0x000007d8       0x58 ./firmware/at32f403a_407_dma.o
 .debug_ranges  0x00000830       0x98 ./firmware/at32f403a_407_gpio.o
 .debug_ranges  0x000008c8       0xd8 ./firmware/at32f403a_407_misc.o
 .debug_ranges  0x000009a0       0xc0 ./firmware/at32f403a_407_spi.o
 .debug_ranges  0x00000a60      0x1e8 ./firmware/at32f403a_407_tmr.o
 .debug_ranges  0x00000c48      0x198 ./firmware/at32f403a_407_usb.o
 .debug_ranges  0x00000de0       0x20 ./cmsis/startup_at32f403a_407.o
 .debug_ranges  0x00000e00       0x18 ./cmsis/system_at32f403a_407.o
 .debug_ranges  0x00000e18       0x98 ./cdc/cdc_class.o
 .debug_ranges  0x00000eb0      0x1a8 ./cdc/cdc_desc.o
 .debug_ranges  0x00001058       0x10 ./bsp/at32f403a_407_board.o
 .debug_ranges  0x00001068       0x20 ./JPEG/jpeg_chan.o
 .debug_ranges  0x00001088      0x3e0 ./JPEG/tjpgd.o
 .debug_ranges  0x00001468      0x770 ./Display/display.o
 .debug_ranges  0x00001bd8       0x40 ./Display/display_asm.o
 .debug_ranges  0x00001c18       0x28 ./Display/ili9341.o

.debug_line     0x00000000     0xca23
 .debug_line    0x00000000      0x263 ./user/at32f403a_407_clock.o
 .debug_line    0x00000263      0x25a ./user/at32f403a_407_int.o
 .debug_line    0x000004bd      0x8c8 ./user/main.o
 .debug_line    0x00000d85     0x1256 ./usbd_drivers/usbd_core.o
 .debug_line    0x00001fdb      0x86f ./usbd_drivers/usbd_int.o
 .debug_line    0x0000284a      0x5f1 ./usbd_drivers/usbd_sdr.o
 .debug_line    0x00002e3b      0x325 ./firmware/at32f403a_407_acc.o
 .debug_line    0x00003160      0x926 ./firmware/at32f403a_407_crm.o
 .debug_line    0x00003a86      0x46b ./firmware/at32f403a_407_dma.o
 .debug_line    0x00003ef1      0x7c0 ./firmware/at32f403a_407_gpio.o
 .debug_line    0x000046b1      0x483 ./firmware/at32f403a_407_misc.o
 .debug_line    0x00004b34      0x880 ./firmware/at32f403a_407_spi.o
 .debug_line    0x000053b4     0x1057 ./firmware/at32f403a_407_tmr.o
 .debug_line    0x0000640b      0x9ab ./firmware/at32f403a_407_usb.o
 .debug_line    0x00006db6       0x7c ./cmsis/startup_at32f403a_407.o
 .debug_line    0x00006e32      0x3b3 ./cmsis/system_at32f403a_407.o
 .debug_line    0x000071e5      0x632 ./cdc/cdc_class.o
 .debug_line    0x00007817      0x6b4 ./cdc/cdc_desc.o
 .debug_line    0x00007ecb      0x181 ./bsp/at32f403a_407_board.o
 .debug_line    0x0000804c      0x3ae ./JPEG/jpeg_chan.o
 .debug_line    0x000083fa     0x2122 ./JPEG/tjpgd.o
 .debug_line    0x0000a51c     0x1fc4 ./Display/display.o
 .debug_line    0x0000c4e0      0x1a7 ./Display/display_asm.o
 .debug_line    0x0000c687      0x141 ./Display/fonts.o
 .debug_line    0x0000c7c8      0x25b ./Display/ili9341.o

.debug_str      0x00000000     0x88cf
 .debug_str     0x00000000      0x8e1 ./user/at32f403a_407_clock.o
                                0x92a (size before relaxing)
 .debug_str     0x000008e1      0x2d1 ./user/at32f403a_407_int.o
                                0x473 (size before relaxing)
 .debug_str     0x00000bb2     0x326e ./user/main.o
                               0x382f (size before relaxing)
 .debug_str     0x00003e20      0x388 ./usbd_drivers/usbd_core.o
                                0xb62 (size before relaxing)
 .debug_str     0x000041a8      0x16c ./usbd_drivers/usbd_int.o
                                0xa29 (size before relaxing)
 .debug_str     0x00004314       0xcb ./usbd_drivers/usbd_sdr.o
                                0x930 (size before relaxing)
 .debug_str     0x000043df      0x14e ./firmware/at32f403a_407_acc.o
                                0x3be (size before relaxing)
 .debug_str     0x0000452d     0x122f ./firmware/at32f403a_407_crm.o
                               0x216a (size before relaxing)
 .debug_str     0x0000575c       0xf7 ./firmware/at32f403a_407_dma.o
                                0xf01 (size before relaxing)
 .debug_str     0x00005853      0x873 ./firmware/at32f403a_407_gpio.o
                               0x13e2 (size before relaxing)
 .debug_str     0x000060c6      0x210 ./firmware/at32f403a_407_misc.o
                                0xb0c (size before relaxing)
 .debug_str     0x000062d6      0x6a4 ./firmware/at32f403a_407_spi.o
                               0x121e (size before relaxing)
 .debug_str     0x0000697a     0x1242 ./firmware/at32f403a_407_tmr.o
                               0x203d (size before relaxing)
 .debug_str     0x00007bbc       0xbd ./firmware/at32f403a_407_usb.o
                                0xe54 (size before relaxing)
 .debug_str     0x00007c79       0x2f ./cmsis/startup_at32f403a_407.o
                                 0x68 (size before relaxing)
 .debug_str     0x00007ca8       0x3d ./cmsis/system_at32f403a_407.o
                                0xb46 (size before relaxing)
 .debug_str     0x00007ce5      0x1bb ./cdc/cdc_class.o
                                0xc4a (size before relaxing)
 .debug_str     0x00007ea0      0x11e ./cdc/cdc_desc.o
                                0x5c4 (size before relaxing)
 .debug_str     0x00007fbe       0x1d ./bsp/at32f403a_407_board.o
                                0x1e1 (size before relaxing)
 .debug_str     0x00007fdb      0x1f5 ./JPEG/jpeg_chan.o
                               0x133e (size before relaxing)
 .debug_str     0x000081d0      0x122 ./JPEG/tjpgd.o
                                0x499 (size before relaxing)
 .debug_str     0x000082f2      0x46c ./Display/display.o
                               0x17ce (size before relaxing)
 .debug_str     0x0000875e       0x19 ./Display/display_asm.o
                                 0x60 (size before relaxing)
 .debug_str     0x00008777       0x46 ./Display/fonts.o
                                0x3c9 (size before relaxing)
 .debug_str     0x000087bd      0x112 ./Display/ili9341.o
                                0x4e2 (size before relaxing)

.comment        0x00000000       0x49
 .comment       0x00000000       0x49 ./user/at32f403a_407_clock.o
                                 0x4a (size before relaxing)
 .comment       0x00000049       0x4a ./user/at32f403a_407_int.o
 .comment       0x00000049       0x4a ./user/main.o
 .comment       0x00000049       0x4a ./usbd_drivers/usbd_core.o
 .comment       0x00000049       0x4a ./usbd_drivers/usbd_int.o
 .comment       0x00000049       0x4a ./usbd_drivers/usbd_sdr.o
 .comment       0x00000049       0x4a ./firmware/at32f403a_407_acc.o
 .comment       0x00000049       0x4a ./firmware/at32f403a_407_crm.o
 .comment       0x00000049       0x4a ./firmware/at32f403a_407_dma.o
 .comment       0x00000049       0x4a ./firmware/at32f403a_407_gpio.o
 .comment       0x00000049       0x4a ./firmware/at32f403a_407_misc.o
 .comment       0x00000049       0x4a ./firmware/at32f403a_407_spi.o
 .comment       0x00000049       0x4a ./firmware/at32f403a_407_tmr.o
 .comment       0x00000049       0x4a ./firmware/at32f403a_407_usb.o
 .comment       0x00000049       0x4a ./cmsis/system_at32f403a_407.o
 .comment       0x00000049       0x4a ./cdc/cdc_class.o
 .comment       0x00000049       0x4a ./cdc/cdc_desc.o
 .comment       0x00000049       0x4a ./bsp/at32f403a_407_board.o
 .comment       0x00000049       0x4a ./JPEG/jpeg_chan.o
 .comment       0x00000049       0x4a ./JPEG/tjpgd.o
 .comment       0x00000049       0x4a ./Display/display.o
 .comment       0x00000049       0x4a ./Display/fonts.o
 .comment       0x00000049       0x4a ./Display/ili9341.o

.debug_loc      0x00000000    0x1096b
 .debug_loc     0x00000000      0x329 ./user/main.o
 .debug_loc     0x00000329     0x1ae2 ./usbd_drivers/usbd_core.o
 .debug_loc     0x00001e0b      0xa22 ./usbd_drivers/usbd_int.o
 .debug_loc     0x0000282d     0x1033 ./usbd_drivers/usbd_sdr.o
 .debug_loc     0x00003860       0x6c ./firmware/at32f403a_407_acc.o
 .debug_loc     0x000038cc      0x4f5 ./firmware/at32f403a_407_crm.o
 .debug_loc     0x00003dc1      0x1b4 ./firmware/at32f403a_407_dma.o
 .debug_loc     0x00003f75      0x611 ./firmware/at32f403a_407_gpio.o
 .debug_loc     0x00004586      0x418 ./firmware/at32f403a_407_misc.o
 .debug_loc     0x0000499e      0x45d ./firmware/at32f403a_407_spi.o
 .debug_loc     0x00004dfb      0xb8c ./firmware/at32f403a_407_tmr.o
 .debug_loc     0x00005987      0x8a5 ./firmware/at32f403a_407_usb.o
 .debug_loc     0x0000622c      0x165 ./cmsis/system_at32f403a_407.o
 .debug_loc     0x00006391      0x853 ./cdc/cdc_class.o
 .debug_loc     0x00006be4      0x66d ./cdc/cdc_desc.o
 .debug_loc     0x00007251       0x3e ./bsp/at32f403a_407_board.o
 .debug_loc     0x0000728f      0x379 ./JPEG/jpeg_chan.o
 .debug_loc     0x00007608     0x4de1 ./JPEG/tjpgd.o
 .debug_loc     0x0000c3e9     0x4423 ./Display/display.o
 .debug_loc     0x0001080c      0x15f ./Display/ili9341.o
